Report Physical info: 
------------------------+----------------------+-----------+------------
                        |                      |Area (squm)|Leakage (uW)
------------------------+----------------------+-----------+------------
Design Name             |home_automation_system|           |            
  Total Instances       |                    72|        103|       2.172
    Macros              |                     0|          0|       0.000
    Pads                |                     0|          0|       0.000
    Phys                |                     0|          0|       0.000
    Blackboxes          |                     0|          0|       0.000
    Cells               |                    72|        103|       2.172
      Buffers           |                     0|          0|       0.000
      Inverters         |                    11|          6|       0.158
      Clock-Gates       |                     0|          0|       0.000
      Combinational     |                    52|         62|       1.417
      Latches           |                     3|          8|       0.123
      FlipFlops         |                     6|         27|       0.475
       Single-Bit FF    |                     6|         27|       0.475
       Multi-Bit FF     |                     0|          0|       0.000
       Clock-Gated      |                     0|           |            
       Bits             |                     6|         27|       0.475
         Load-Enabled   |                     0|           |            
         Clock-Gated    |                     0|           |            
  Tristate Pin Count    |                     0|           |            
Physical Info           |Placed                |           |            
  Chip Size (mm x mm)   |0.073 x 0.073         |       5343|            
  Fixed Cell Area       |                      |          0|            
    Phys Only           |                     0|          0|            
  Placeable Area        |                      |        163|            
  Movable Cell Area     |                      |        103|            
  Utilization (%)       |                    63|           |            
  Chip Utilization (%)  |                    63|           |            
  Total Wire Length (mm)|                 0.842|           |            
  Longest Wire (mm)     |                 0.044|           |            
  Average Wire (mm)     |                 0.032|           |            
------------------------+----------------------+-----------+------------
