Report Physical info: 
------------------------+----------------------+-----------+------------
                        |                      |Area (squm)|Leakage (uW)
------------------------+----------------------+-----------+------------
Design Name             |home_automation_system|           |            
  Total Instances       |                    80|        108|       2.375
    Macros              |                     0|          0|       0.000
    Pads                |                     0|          0|       0.000
    Phys                |                     0|          0|       0.000
    Blackboxes          |                     0|          0|       0.000
    Cells               |                    80|        108|       2.375
      Buffers           |                     0|          0|       0.000
      Inverters         |                    14|          7|       0.201
      Clock-Gates       |                     0|          0|       0.000
      Combinational     |                    57|         64|       1.468
      Latches           |                     3|          8|       0.123
      FlipFlops         |                     6|         29|       0.583
       Single-Bit FF    |                     6|         29|       0.583
       Multi-Bit FF     |                     0|          0|       0.000
       Clock-Gated      |                     0|           |            
       Bits             |                     6|         29|       0.583
         Load-Enabled   |                     0|           |            
         Clock-Gated    |                     0|           |            
  Tristate Pin Count    |                     0|           |            
Physical Info           |Placed                |           |            
  Chip Size (mm x mm)   |0.073 x 0.073         |       5390|            
  Fixed Cell Area       |                      |          0|            
    Phys Only           |                     0|          0|            
  Placeable Area        |                      |        168|            
  Movable Cell Area     |                      |        108|            
  Utilization (%)       |                    64|           |            
  Chip Utilization (%)  |                    64|           |            
  Total Wire Length (mm)|                 0.855|           |            
  Longest Wire (mm)     |                 0.043|           |            
  Average Wire (mm)     |                 0.033|           |            
------------------------+----------------------+-----------+------------
