warning: No library characterized for (process = 1.00 voltage = 0.85 temperature = 25.00) can be found in the database for power domain '/PD_TOP'  [NL-174]
Report Power (instances with prefix '*' are included in total) : 
-----+-----------------+--------------------+---------------------+-------------------+-----------------
     | Instance        | Internal Power(uw) | Switching Power(uw) | Leakage Power(uw) | Total Power(uw) 
-----+-----------------+--------------------+---------------------+-------------------+-----------------
1    |*counter         |           13.600545|            34.484795|           0.610360|        48.695702
2    |*priority_encoder|           36.472023|            67.247238|           0.982816|       104.702080
3    |*state_holder    |           20.351219|            44.561020|           0.449216|        65.361458
4    |*output_decoder  |           25.335922|            27.555979|           0.282835|        53.174736
5    |*i_0_0_0         |            0.402348|             0.204921|           0.026733|         0.634003
6    |*i_0_0_1         |            0.181993|             0.273792|           0.022695|         0.478480
7    |                 |                    |                     |                   |                 
8    |*TOTAL           |           96.344055|           174.327759|           2.374655|       273.046478
-----+-----------------+--------------------+---------------------+-------------------+-----------------
