Report for group default
------------------------------------------------------------------------------------------------------------------------------------------------------------
Startpoint: counter/Q_reg[0]/Q
    (Clocked by sysclk R)
Endpoint: counter/Q_reg[1]/D
    (Clocked by sysclk R)
Path Group: default
Data required time: 968.3
    (Clock shift: 1000.0, minus Uncertainty: 0.0, plus Latency 0.0, minus Setup time: 31.7)
Data arrival time: 370.7
Slack: 597.6
Logic depth: 4
------------------------------------------------------------------------------------------------------------------------------------------------------------
                                                     Arrival               Arc      Net               Net    Total   fan-                                   
Path                     Module/Cell           Edge     Time    Delay    Delay    Delay     Slew     Load     Load    out     Location Power Domain      (V)
                                                        (ps)     (ps)     (ps)     (ps)     (ps)     (ff)     (ff)    (#)      (um,um)                      
------------------------------------------------------------------------------------------------------------------------------------------------------------
clk                      {create_clock}           r      0.0      0.0      0.0                        0.0      0.0      4    73,   35                       
counter/Q_reg[0]/CK->Q   DFF_X1*                 rr    157.7    157.7    157.7      0.0      0.0      2.8     56.5      8    33,   39  /PD_TOP        (1.10)
counter/i_0_1_0/B->S     HA_X1                   rr    321.1    163.4    163.4      0.0      0.0      0.6     26.1      1    33,   39  /PD_TOP        (1.10)
counter/i_0_1_9/A->ZN    INV_X8                  rf    320.8     -0.3     -0.3      0.0    134.9      0.6      4.8      1    33,   39  /PD_TOP        (1.10)
counter/i_0_1_3/A1->ZN   NOR2_X2                 fr    338.2     17.4     17.4      0.0      3.5      0.7      2.0      1    33,   39  /PD_TOP        (1.10)
counter/i_0_0_1/B->Z     MUX2_X2                 rr    370.7     32.5     32.5      0.0     12.5      0.7      1.9      1    33,   39  /PD_TOP        (1.10)
counter/Q_reg[1]/D       DFF_X1                   r    370.7      0.0               0.0      9.4                             33,   39  /PD_TOP        (1.10)
------------------------------------------------------------------------------------------------------------------------------------------------------------
Report for group I2R
------------------------------------------------------------------------------------------------------------------------------------------------------------
Startpoint: SRD
    (Clocked by rtDefaultClock R)
Endpoint: counter/Q_reg[1]/D
    (Clocked by sysclk R)
Path Group: I2R
Data required time: 968.3
    (Clock shift: 1000.0, minus Uncertainty: 0.0, plus Latency 0.0, minus Setup time: 31.7)
Data arrival time: 478.9
Slack: 489.4
Logic depth: 7
------------------------------------------------------------------------------------------------------------------------------------------------------------
                                                     Arrival               Arc      Net               Net    Total   fan-                                   
Path                     Module/Cell           Edge     Time    Delay    Delay    Delay     Slew     Load     Load    out     Location Power Domain      (V)
                                                        (ps)     (ps)     (ps)     (ps)     (ps)     (ff)     (ff)    (#)      (um,um)                      
------------------------------------------------------------------------------------------------------------------------------------------------------------
SRD                      {set_input_delay}        f    200.0    200.0    200.0                        5.3     40.2      4    37,    0                       
i_0_0_0/A4->ZN           OR4_X4                  ff    302.5    102.5    102.1      0.4      1.0      0.7      2.9      1    38,   36  /PD_TOP        (1.10)
i_0_0_1/A1->ZN           OR2_X4                  ff    347.7     45.2     45.2      0.0     15.3      1.6      7.6      2    38,   36  /PD_TOP        (1.10)
counter/i_0_1_8/A1->ZN   NAND2_X4                fr    362.3     14.6     14.6      0.0      9.2      0.7      4.8      1    33,   39  /PD_TOP        (1.10)
counter/i_0_1_7/A1->ZN   NOR3_X4                 rf    371.1      8.8      8.8      0.0      9.8      0.7      2.9      1    33,   39  /PD_TOP        (1.10)
counter/i_0_1_6/A2->ZN   OR2_X4                  ff    421.1     50.0     50.0      0.0      6.3      1.8     14.4      3    33,   39  /PD_TOP        (1.10)
counter/i_0_1_3/A2->ZN   NOR2_X2                 fr    446.4     25.3     25.3      0.0     11.0      0.7      2.0      1    33,   39  /PD_TOP        (1.10)
counter/i_0_0_1/B->Z     MUX2_X2                 rr    478.9     32.5     32.5      0.0     12.5      0.7      1.9      1    33,   39  /PD_TOP        (1.10)
counter/Q_reg[1]/D       DFF_X1                   r    478.9      0.0               0.0      9.4                             33,   39  /PD_TOP        (1.10)
------------------------------------------------------------------------------------------------------------------------------------------------------------
Report for group I2O
Report for group R2O
------------------------------------------------------------------------------------------------------------------------------------------------------------
Startpoint: state_holder/Q_reg[0]/Q
    (Clocked by sysclk F)
Endpoint: alarm_buzzer
    (Clocked by vsysclk R)
Path Group: R2O
Data required time: 450.0
    (Clock shift: 500.0, minus Uncertainty: 0.0, plus Latency 0.0, minus Out delay: 50.0)
Data arrival time: 211.1
Slack: 238.9
Logic depth: 2
------------------------------------------------------------------------------------------------------------------------------------------------------------
                                                     Arrival               Arc      Net               Net    Total   fan-                                   
Path                     Module/Cell           Edge     Time    Delay    Delay    Delay     Slew     Load     Load    out     Location Power Domain      (V)
                                                        (ps)     (ps)     (ps)     (ps)     (ps)     (ff)     (ff)    (#)      (um,um)                      
------------------------------------------------------------------------------------------------------------------------------------------------------------
clk                      {create_clock}           f      0.0      0.0      0.0                        0.0      0.0      4    73,   35                       
state_holder/i_0_4/A->ZN INV_X1                  fr      0.0      0.0      0.0      0.0      0.0      0.0      0.0      3    38,   36  /PD_TOP        (1.10)
state_holder/Q_reg[0]/CK->Q
                         DFF_X1*                 rr    150.1    150.1    150.1      0.0      0.0      2.1     38.2      4    38,   36  /PD_TOP        (1.10)
output_decoder/i_0_6/A->ZN
                         INV_X8                  rf    160.2     10.1     10.1      0.0     15.3      2.8     14.8      4    38,   36  /PD_TOP        (1.10)
output_decoder/i_0_3/A3->ZN
                         NOR3_X4                 fr    210.7     50.5     50.4      0.1      4.6      4.7      4.8      1    38,   36  /PD_TOP        (1.10)
alarm_buzzer                                      r    211.1      0.4               0.4     28.4                             73,   37                       
------------------------------------------------------------------------------------------------------------------------------------------------------------
