Report for group default
------------------------------------------------------------------------------------------------------------------------------------------------------------
Startpoint: display[2]
    (Clocked by rtDefaultClock R)
Endpoint: window_buzzer
    (Clocked by vsysclk R)
Path Group: I2O
Data required time: 700.0
    (Clock shift: 1000.0, minus Uncertainty: 0.0, plus Latency 0.0, minus Out delay: 300.0)
Data arrival time: 785.0
Slack: -85.0
Logic depth: 2
------------------------------------------------------------------------------------------------------------------------------------------------------------
                                                     Arrival               Arc      Net               Net    Total   fan-                                   
Path                     Module/Cell           Edge     Time    Delay    Delay    Delay     Slew     Load     Load    out     Location Power Domain      (V)
                                                        (ps)     (ps)     (ps)     (ps)     (ps)     (ff)     (ff)    (#)      (um,um)                      
------------------------------------------------------------------------------------------------------------------------------------------------------------
display[2]               {set_input_delay}        f    700.0    700.0    700.0                        4.5     85.5      7    35,    0                       
output_decoder/i_3_1/A3->ZN
                         NAND3_X4                fr    773.7     73.7     73.3      0.4    100.0      0.6     26.1      1    35,   35  /PD_TOP        (1.10)
output_decoder/i_3_0/A->ZN
                         INV_X8                  rf    784.6     10.9     10.9      0.0     24.5      4.5     14.5      1    35,   35  /PD_TOP        (1.10)
window_buzzer                                     f    785.0      0.4               0.4      4.6                              0,   35                       
------------------------------------------------------------------------------------------------------------------------------------------------------------
Report for group I2R
------------------------------------------------------------------------------------------------------------------------------------------------------------
Startpoint: SRD
    (Clocked by rtDefaultClock R)
Endpoint: counter/Q_reg[1]/D
    (Clocked by sysclk R)
Path Group: I2R
Data required time: 1468.3
    (Clock shift: 1500.0, minus Uncertainty: 0.0, plus Latency 0.0, minus Setup time: 31.7)
Data arrival time: 1004.7
Slack: 463.6
Logic depth: 7
------------------------------------------------------------------------------------------------------------------------------------------------------------
                                                     Arrival               Arc      Net               Net    Total   fan-                                   
Path                     Module/Cell           Edge     Time    Delay    Delay    Delay     Slew     Load     Load    out     Location Power Domain      (V)
                                                        (ps)     (ps)     (ps)     (ps)     (ps)     (ff)     (ff)    (#)      (um,um)                      
------------------------------------------------------------------------------------------------------------------------------------------------------------
SRD                      {set_input_delay}        f    700.0    700.0    700.0                        5.4     40.4      4     0,   37                       
i_0_0_0/A4->ZN           OR4_X4                  ff    828.6    128.6    128.2      0.4    100.0      0.7      2.9      1    35,   35  /PD_TOP        (1.10)
i_0_0_1/A1->ZN           OR2_X4                  ff    873.6     45.0     45.0      0.0     15.3      1.3      7.3      2    35,   35  /PD_TOP        (1.10)
counter/i_0_1_8/A1->ZN   NAND2_X4                fr    888.1     14.5     14.5      0.0      9.1      0.7      4.8      1    38,   38  /PD_TOP        (1.10)
counter/i_0_1_7/A1->ZN   NOR3_X4                 rf    896.9      8.8      8.8      0.0      9.8      0.7      2.9      1    38,   38  /PD_TOP        (1.10)
counter/i_0_1_6/A2->ZN   OR2_X4                  ff    946.9     50.0     50.0      0.0      6.3      1.8     14.4      3    38,   38  /PD_TOP        (1.10)
counter/i_0_1_3/A2->ZN   NOR2_X2                 fr    972.2     25.3     25.3      0.0     11.0      0.7      2.0      1    38,   38  /PD_TOP        (1.10)
counter/i_0_0_1/B->Z     MUX2_X2                 rr   1004.7     32.5     32.5      0.0     12.5      0.7      1.9      1    38,   38  /PD_TOP        (1.10)
counter/Q_reg[1]/D       DFF_X1                   r   1004.7      0.0               0.0      9.4                             38,   38  /PD_TOP        (1.10)
------------------------------------------------------------------------------------------------------------------------------------------------------------
Report for group I2O
------------------------------------------------------------------------------------------------------------------------------------------------------------
Startpoint: display[1]
    (Clocked by rtDefaultClock R)
Endpoint: front_door
    (Clocked by vsysclk R)
Path Group: I2O
Data required time: 700.0
    (Clock shift: 1000.0, minus Uncertainty: 0.0, plus Latency 0.0, minus Out delay: 300.0)
Data arrival time: 786.3
Slack: -86.3
Logic depth: 3
------------------------------------------------------------------------------------------------------------------------------------------------------------
                                                     Arrival               Arc      Net               Net    Total   fan-                                   
Path                     Module/Cell           Edge     Time    Delay    Delay    Delay     Slew     Load     Load    out     Location Power Domain      (V)
                                                        (ps)     (ps)     (ps)     (ps)     (ps)     (ff)     (ff)    (#)      (um,um)                      
------------------------------------------------------------------------------------------------------------------------------------------------------------
display[1]               {set_input_delay}        f    700.0    700.0    700.0                        4.8     85.7      7     0,   38                       
output_decoder/i_0_2/A->ZN
                         INV_X8                  fr    730.2     30.2     29.8      0.4    100.0      0.6      4.9      1    35,   35  /PD_TOP        (1.10)
output_decoder/i_0_1/A2->ZN
                         NAND3_X4                rf    765.7     35.5     35.5      0.0      5.5      0.6     26.1      1    35,   35  /PD_TOP        (1.10)
output_decoder/i_0_0/A->ZN
                         INV_X8                  fr    785.9     20.2     20.2      0.0     24.6      4.5     14.5      1    35,   35  /PD_TOP        (1.10)
front_door                                        r    786.3      0.4               0.4      7.8                             35,    0                       
------------------------------------------------------------------------------------------------------------------------------------------------------------
Report for group R2O
