-----------------------------------------------------------------------------------------------------------------
|                                             Metal layers (micro)                                              |
|--------------------+--------+--------+--------+--------+--------+--------+--------+--------+--------+---------|
|                    | metal1 | metal2 | metal3 | metal4 | metal5 | metal6 | metal7 | metal8 | metal9 | metal10 | 
|--------------------+--------+--------+--------+--------+--------+--------+--------+--------+--------+---------|
| Direction          | HOR    | VERT   | HOR    | VERT   | HOR    | VERT   | HOR    | VERT   | HOR    | VERT    | 
|--------------------+--------+--------+--------+--------+--------+--------+--------+--------+--------+---------|
| Width              | 0.0700 | 0.0700 | 0.0700 | 0.1400 | 0.1400 | 0.1400 | 0.4000 | 0.4000 | 0.8000 | 0.8000  | 
|--------------------+--------+--------+--------+--------+--------+--------+--------+--------+--------+---------|
| Space              | 0.0650 | 0.0700 | 0.0700 | 0.1400 | 0.1400 | 0.1400 | 0.4000 | 0.4000 | 0.8000 | 0.8000  | 
|--------------------+--------+--------+--------+--------+--------+--------+--------+--------+--------+---------|
| Offset             | 0.0700 | 0.0950 | 0.0700 | 0.0950 | 0.0700 | 0.0950 | 0.0700 | 0.0950 | 0.0700 | 0.0950  | 
|--------------------+--------+--------+--------+--------+--------+--------+--------+--------+--------+---------|
| Pitch              | 0.1400 | 0.1900 | 0.1400 | 0.2800 | 0.2800 | 0.2800 | 0.8000 | 0.8000 | 1.6000 | 1.6000  | 
|--------------------+--------+--------+--------+--------+--------+--------+--------+--------+--------+---------|
| DownVia-Wire pitch |        | 0.1400 | 0.1400 | 0.2800 | 0.2800 | 0.2800 | 0.8000 | 0.8000 | 1.6000 | 1.6000  | 
|--------------------+--------+--------+--------+--------+--------+--------+--------+--------+--------+---------|
| UpVia-Wire   pitch | 0.1350 | 0.1400 | 0.1400 | 0.2800 | 0.2800 | 0.2800 | 0.8000 | 0.8000 | 1.6000 |         | 
-----------------------------------------------------------------------------------------------------------------


-----------------------------------------------------------------------------------------------------------------------------------------
|                                                          Cut layers (micro)                                                           |
|--------------------+--------+----------+----------+---------------+--------+--------+---------------+--------+---------------+--------|
|                    | CO     | via1     | via2     | via3          | via4   | via5   | via6          | via7   | via8          | via9   | 
|--------------------+--------+----------+----------+---------------+--------+--------+---------------+--------+---------------+--------|
| Size               | 0.0700 | 0.0700   | 0.0700   | 0.0700        | 0.1400 | 0.1400 | 0.1400        | 0.4000 | 0.4000        | 0.8000 | 
|--------------------+--------+----------+----------+---------------+--------+--------+---------------+--------+---------------+--------|
| Space              | 0.0700 | 0.0800   | 0.0900   | 0.0900        | 0.1600 | 0.1600 | 0.1600        | 0.4400 | 0.4400        | 0.8800 | 
|--------------------+--------+----------+----------+---------------+--------+--------+---------------+--------+---------------+--------|
| Below enclosure    | 0/0    | 0/0.0350 | 0/0.0350 | 0/0.0350      | 0/0    | 0/0    | 0/0           | 0/0    | 0/0           | 0/0    | 
|--------------------+--------+----------+----------+---------------+--------+--------+---------------+--------+---------------+--------|
| Above enclosure    | 0/0    | 0/0.0350 | 0/0.0350 | 0.0350/0.0350 | 0/0    | 0/0    | 0.1300/0.1300 | 0/0    | 0.2000/0.2000 | 0/0    | 
|--------------------+--------+----------+----------+---------------+--------+--------+---------------+--------+---------------+--------|
| Bar length         | -      | 0.0700   | 0.0700   | 0.0700        | 0.1400 | 0.1400 | 0.1400        | 0.4000 | 0.4000        | 0.8000 | 
-----------------------------------------------------------------------------------------------------------------------------------------


-----------------------------------------------------------------------------------------------------------------------
|                                               DRC layer rules (micro)                                               |
|---------------------+----+--------+--------+--------+--------+--------+--------+--------+--------+--------+---------|
|                     |    | metal1 | metal2 | metal3 | metal4 | metal5 | metal6 | metal7 | metal8 | metal9 | metal10 | 
|---------------------+----+--------+--------+--------+--------+--------+--------+--------+--------+--------+---------|
| Min width           | >= | 0.0700 | 0.0700 | 0.0700 | 0.1400 | 0.1400 | 0.1400 | 0.4000 | 0.4000 | 0.8000 | 0.8000  | 
|---------------------+----+--------+--------+--------+--------+--------+--------+--------+--------+--------+---------|
| Min space           | >= | 0.0650 | 0.0700 | 0.0700 | 0.1400 | 0.1400 | 0.1400 | 0.4000 | 0.4000 | 0.8000 | 0.8000  | 
|---------------------+----+--------+--------+--------+--------+--------+--------+--------+--------+--------+---------|
| End of line         | >= | -      | -      | -      | -      | -      | -      | -      | -      | -      | -       | 
|---------------------+----+--------+--------+--------+--------+--------+--------+--------+--------+--------+---------|
| Min area (sq-micro) | >= | 0.005  | 0.005  | 0.005  | 0.020  | 0.020  | 0.020  | 0.160  | 0.160  | 0.640  | 0.640   | 
|---------------------+----+--------+--------+--------+--------+--------+--------+--------+--------+--------+---------|
| Min hole (sq-micro) | >= | -      | -      | -      | -      | -      | -      | -      | -      | -      | -       | 
|---------------------+----+--------+--------+--------+--------+--------+--------+--------+--------+--------+---------|
| Min length          |    | -      | -      | -      | -      | -      | -      | -      | -      | -      | -       | 
|---------------------+----+--------+--------+--------+--------+--------+--------+--------+--------+--------+---------|
| Step                |    | -      | -      | -      | -      | -      | -      | -      | -      | -      | -       | 
|---------------------+----+--------+--------+--------+--------+--------+--------+--------+--------+--------+---------|
| Fat space           |    | -      | *      | *      | *      | *      | *      | *      | *      | *      | *       | 
|---------------------+----+--------+--------+--------+--------+--------+--------+--------+--------+--------+---------|
| Span space          |    | -      | -      | -      | -      | -      | -      | -      | -      | -      | -       | 
|---------------------+----+--------+--------+--------+--------+--------+--------+--------+--------+--------+---------|
| Pinch space         |    | -      | -      | -      | -      | -      | -      | -      | -      | -      | -       | 
|---------------------+----+--------+--------+--------+--------+--------+--------+--------+--------+--------+---------|
| Fat jog space       |    | -      | -      | -      | -      | -      | -      | -      | -      | -      | -       | 
|---------------------+----+--------+--------+--------+--------+--------+--------+--------+--------+--------+---------|
| Influence space     |    | -      | -      | -      | -      | -      | -      | -      | -      | -      | -       | 
|---------------------+----+--------+--------+--------+--------+--------+--------+--------+--------+--------+---------|
| Direction space     |    | -      | -      | -      | -      | -      | -      | -      | -      | -      | -       | 
|---------------------+----+--------+--------+--------+--------+--------+--------+--------+--------+--------+---------|
| Discrete space      |    | -      | -      | -      | -      | -      | -      | -      | -      | -      | -       | 
|---------------------+----+--------+--------+--------+--------+--------+--------+--------+--------+--------+---------|
| Dir space           |    | -      | -      | -      | -      | -      | -      | -      | -      | -      | -       | 
|---------------------+----+--------+--------+--------+--------+--------+--------+--------+--------+--------+---------|
| Corner space        |    | -      | -      | -      | -      | -      | -      | -      | -      | -      | -       | 
|---------------------+----+--------+--------+--------+--------+--------+--------+--------+--------+--------+---------|
| Samemask space      |    | -      | -      | -      | -      | -      | -      | -      | -      | -      | -       | 
|---------------------+----+--------+--------+--------+--------+--------+--------+--------+--------+--------+---------|
| Patterns            | #  | -      | -      | -      | -      | -      | -      | -      | -      | -      | -       | 
|---------------------+----+--------+--------+--------+--------+--------+--------+--------+--------+--------+---------|
| Discrete width      |    | -      | -      | -      | -      | -      | -      | -      | -      | -      | -       | 
|---------------------+----+--------+--------+--------+--------+--------+--------+--------+--------+--------+---------|
| Protrusion          |    | -      | -      | -      | -      | -      | -      | -      | -      | -      | -       | 
|---------------------+----+--------+--------+--------+--------+--------+--------+--------+--------+--------+---------|
| Notch space         |    | -      | -      | -      | -      | -      | -      | -      | -      | -      | -       | 
|---------------------+----+--------+--------+--------+--------+--------+--------+--------+--------+--------+---------|
| Grid alignment      |    | -      | -      | -      | -      | -      | -      | -      | -      | -      | -       | 
|---------------------+----+--------+--------+--------+--------+--------+--------+--------+--------+--------+---------|
| Max parallel length | <= | -      | -      | -      | -      | -      | -      | -      | -      | -      | -       | 
|---------------------+----+--------+--------+--------+--------+--------+--------+--------+--------+--------+---------|
| Max width           | <= | -      | -      | -      | -      | -      | -      | -      | -      | -      | -       | 
|---------------------+----+--------+--------+--------+--------+--------+--------+--------+--------+--------+---------|
|                     |    | CO     | via1   | via2   | via3   | via4   | via5   | via6   | via7   | via8   | via9    | 
|---------------------+----+--------+--------+--------+--------+--------+--------+--------+--------+--------+---------|
| Min space           | >= |        | 0.0800 | 0.0900 | 0.0900 | 0.1600 | 0.1600 | 0.1600 | 0.4400 | 0.4400 | 0.8800  | 
|---------------------+----+--------+--------+--------+--------+--------+--------+--------+--------+--------+---------|
| Projection space    | >= |        | -      | -      | -      | -      | -      | -      | -      | -      | -       | 
|---------------------+----+--------+--------+--------+--------+--------+--------+--------+--------+--------+---------|
| Array space         | >= |        | -      | -      | -      | -      | -      | -      | -      | -      | -       | 
|---------------------+----+--------+--------+--------+--------+--------+--------+--------+--------+--------+---------|
| Above diff space    | >= | -      | -      | -      | -      | -      | -      | -      | -      | -      |         | 
|---------------------+----+--------+--------+--------+--------+--------+--------+--------+--------+--------+---------|
| Above same space    | >= | -      | -      | -      | -      | -      | -      | -      | -      | -      |         | 
|---------------------+----+--------+--------+--------+--------+--------+--------+--------+--------+--------+---------|
| Above stackable     |    | true   | true   | true   | true   | true   | true   | true   | true   | true   |         | 
|---------------------+----+--------+--------+--------+--------+--------+--------+--------+--------+--------+---------|
| Bar/Large space     |    | -      | -      | -      | -      | -      | -      | -      | -      | -      | -       | 
|---------------------+----+--------+--------+--------+--------+--------+--------+--------+--------+--------+---------|
| Single space        |    | -      | -      | -      | -      | -      | -      | -      | -      | -      | -       | 
|---------------------+----+--------+--------+--------+--------+--------+--------+--------+--------+--------+---------|
| Cluster array       |    | -      | -      | -      | -      | -      | -      | -      | -      | -      | -       | 
|---------------------+----+--------+--------+--------+--------+--------+--------+--------+--------+--------+---------|
| Number of cuts      |    | -      | -      | -      | -      | -      | -      | -      | -      | -      | -       | 
|---------------------+----+--------+--------+--------+--------+--------+--------+--------+--------+--------+---------|
| Enclosure           |    | *      | *      | *      | *      | *      | *      | *      | *      | *      | *       | 
|---------------------+----+--------+--------+--------+--------+--------+--------+--------+--------+--------+---------|
| Inner space         | >= | -/-    | -/-    | -/-    | -/-    | -/-    | -/-    | -/-    | -/-    | -/-    | -/-     | 
|---------------------+----+--------+--------+--------+--------+--------+--------+--------+--------+--------+---------|
| Joint space         | >= | -/-    | -/-    | -/-    | -/-    | -/-    | -/-    | -/-    | -/-    | -/-    | -/-     | 
|---------------------+----+--------+--------+--------+--------+--------+--------+--------+--------+--------+---------|
| Corner space        | >= | -/-    | -/-    | -/-    | -/-    | -/-    | -/-    | -/-    | -/-    | -/-    | -/-     | 
|---------------------+----+--------+--------+--------+--------+--------+--------+--------+--------+--------+---------|
| Confined space      | >= | -      | -      | -      | -      | -      | -      | -      | -      | -      | -       | 
|---------------------+----+--------+--------+--------+--------+--------+--------+--------+--------+--------+---------|
| Metal space         | >= | -/-    | -/-    | -/-    | -/-    | -/-    | -/-    | -/-    | -/-    | -/-    | -/-     | 
|---------------------+----+--------+--------+--------+--------+--------+--------+--------+--------+--------+---------|
| Grid alignment      |    | -      | -      | -      | -      | -      | -      | -      | -      | -      | -       | 
|---------------------+----+--------+--------+--------+--------+--------+--------+--------+--------+--------+---------|
| Wide array          |    | -      | -      | -      | -      | -      | -      | -      | -      | -      | -       | 
|---------------------+----+--------+--------+--------+--------+--------+--------+--------+--------+--------+---------|
| Max space           | <= | -      | -      | -      | -      | -      | -      | -      | -      | -      | -       | 
-----------------------------------------------------------------------------------------------------------------------


Info: '-' rule is not defined; '*' rule is defined; '+' center-to-center cut spacing
      'R' dfm-recommended rule is defined
----------------------------------------------------------------------------------------------------
|                                           DRC options                                            |
|-------------------------+-------+----------------------------------------------------------------|
|                         | Value | Description                                                    | 
|-------------------------+-------+----------------------------------------------------------------|
| cut_enc_touch_not_viol  | false | Consider cut touching a fat shape no cut enclosure violation   | 
|-------------------------+-------+----------------------------------------------------------------|
| cut_enc_simple_parallel | false | Simple check for parallel run length in cut enclosure rule     | 
|-------------------------+-------+----------------------------------------------------------------|
| cut_proj_except_samenet | false | Do not check cut projection spacing for same net objects       | 
|-------------------------+-------+----------------------------------------------------------------|
| cut_proj_apply_samenet  | false | Apply cut projection spacing to adjacent vias of same net even | 
|                         |       | if they have common metal shape                                | 
|-------------------------+-------+----------------------------------------------------------------|
| allow_offgrid_ndr       | false | Allow non-default width shapes be offgris                      | 
|-------------------------+-------+----------------------------------------------------------------|
| influence_with_corners  | false | Extend influence halo from fat shape to corners as well        | 
|-------------------------+-------+----------------------------------------------------------------|
| influence_thin_to_fat   | false | Check influence spacing between thin and fat shape             | 
|-------------------------+-------+----------------------------------------------------------------|
| pref_width_as_allowed   | false | Consider preferred widths as only allowed                      | 
|-------------------------+-------+----------------------------------------------------------------|
| cut_sector_relaxed      | false | Relaxed conditions of cut_sector_array spacing                 | 
|-------------------------+-------+----------------------------------------------------------------|
| strict_max_metal        | false | Force router strictly follow max metal                         | 
|-------------------------+-------+----------------------------------------------------------------|
| disjoined_plength       | false | Do not combine run length from different fat shapes            | 
|-------------------------+-------+----------------------------------------------------------------|
| strict_dp_prevention    | false | Enable strict DRC rules in router to prevent DP                | 
|-------------------------+-------+----------------------------------------------------------------|
| static_mask             | false | Check mask violation on static objects                         | 
|-------------------------+-------+----------------------------------------------------------------|
| static_grid             | false | Check grid violation on static objects                         | 
----------------------------------------------------------------------------------------------------


--------------------------------------
|          DRC global rules          |
|---------------------------+--------|
|                           | Value  | 
|---------------------------+--------|
| Metric                    | Euclid | 
|---------------------------+--------|
| Manufacturing grid        | 0.0050 | 
|---------------------------+--------|
| Min obstruction space     | true   | 
|---------------------------+--------|
| Min sub-partition space   | false  | 
|---------------------------+--------|
| No M1 routing             | false  | 
|---------------------------+--------|
| Macro ports double cut    | -      | 
|---------------------------+--------|
| Macro ports strict access | false  | 
|---------------------------+--------|
| Max routing layer         | -      | 
|---------------------------+--------|
| Max via stack             | -      | 
--------------------------------------


---------------------------------------------------------------------------------------------------------
|                                     Metal diagonal rules (micro)                                      |
|------------+--------+--------+--------+--------+--------+--------+--------+--------+--------+---------|
|            | metal1 | metal2 | metal3 | metal4 | metal5 | metal6 | metal7 | metal8 | metal9 | metal10 | 
|------------+--------+--------+--------+--------+--------+--------+--------+--------+--------+---------|
| Width      | 0      | 0      | 0      | 0      | 0      | 0      | 0      | 0      | 0      | 0       | 
|------------+--------+--------+--------+--------+--------+--------+--------+--------+--------+---------|
| Spacing    | 0      | 0      | 0      | 0      | 0      | 0      | 0      | 0      | 0      | 0       | 
|------------+--------+--------+--------+--------+--------+--------+--------+--------+--------+---------|
| Min Length | 0      | 0      | 0      | 0      | 0      | 0      | 0      | 0      | 0      | 0       | 
---------------------------------------------------------------------------------------------------------


--------------------------------------------------------------------------
|                Metal metal2 fat spacing rules (micro):                 |
|----------+--------+----------+----------+----------+----------+--------|
|          | Length | > 0.3000 | > 0.9000 | > 1.8000 | > 2.7000 | > 4    | 
|----------+--------+----------+----------+----------+----------+--------|
| Width    | 0.0700 | 0.0700   | 0.0700   | 0.0700   | 0.0700   | 0.0700 | 
|----------+--------+----------+----------+----------+----------+--------|
| > 0.0900 | 0.0700 | 0.0900   | 0.0900   | 0.0900   | 0.0900   | 0.0900 | 
|----------+--------+----------+----------+----------+----------+--------|
| > 0.2700 | 0.0700 | 0.0900   | 0.2700   | 0.2700   | 0.2700   | 0.2700 | 
|----------+--------+----------+----------+----------+----------+--------|
| > 0.5000 | 0.0700 | 0.0900   | 0.2700   | 0.5000   | 0.5000   | 0.5000 | 
|----------+--------+----------+----------+----------+----------+--------|
| > 0.9000 | 0.0700 | 0.0900   | 0.2700   | 0.5000   | 0.9000   | 0.9000 | 
|----------+--------+----------+----------+----------+----------+--------|
| > 1.5000 | 0.0700 | 0.0900   | 0.2700   | 0.5000   | 0.9000   | 1.5000 | 
--------------------------------------------------------------------------


--------------------------------------------------------------------------
|                Metal metal3 fat spacing rules (micro):                 |
|----------+--------+----------+----------+----------+----------+--------|
|          | Length | > 0.3000 | > 0.9000 | > 1.8000 | > 2.7000 | > 4    | 
|----------+--------+----------+----------+----------+----------+--------|
| Width    | 0.0700 | 0.0700   | 0.0700   | 0.0700   | 0.0700   | 0.0700 | 
|----------+--------+----------+----------+----------+----------+--------|
| > 0.0900 | 0.0700 | 0.0900   | 0.0900   | 0.0900   | 0.0900   | 0.0900 | 
|----------+--------+----------+----------+----------+----------+--------|
| > 0.2700 | 0.0700 | 0.0900   | 0.2700   | 0.2700   | 0.2700   | 0.2700 | 
|----------+--------+----------+----------+----------+----------+--------|
| > 0.5000 | 0.0700 | 0.0900   | 0.2700   | 0.5000   | 0.5000   | 0.5000 | 
|----------+--------+----------+----------+----------+----------+--------|
| > 0.9000 | 0.0700 | 0.0900   | 0.2700   | 0.5000   | 0.9000   | 0.9000 | 
|----------+--------+----------+----------+----------+----------+--------|
| > 1.5000 | 0.0700 | 0.0900   | 0.2700   | 0.5000   | 0.9000   | 1.5000 | 
--------------------------------------------------------------------------


---------------------------------------------------------------
|           Metal metal4 fat spacing rules (micro):           |
|----------+--------+----------+----------+----------+--------|
|          | Length | > 0.9000 | > 1.8000 | > 2.7000 | > 4    | 
|----------+--------+----------+----------+----------+--------|
| Width    | 0.1400 | 0.1400   | 0.1400   | 0.1400   | 0.1400 | 
|----------+--------+----------+----------+----------+--------|
| > 0.2700 | 0.1400 | 0.2700   | 0.2700   | 0.2700   | 0.2700 | 
|----------+--------+----------+----------+----------+--------|
| > 0.5000 | 0.1400 | 0.2700   | 0.5000   | 0.5000   | 0.5000 | 
|----------+--------+----------+----------+----------+--------|
| > 0.9000 | 0.1400 | 0.2700   | 0.5000   | 0.9000   | 0.9000 | 
|----------+--------+----------+----------+----------+--------|
| > 1.5000 | 0.1400 | 0.2700   | 0.5000   | 0.9000   | 1.5000 | 
---------------------------------------------------------------


---------------------------------------------------------------
|           Metal metal5 fat spacing rules (micro):           |
|----------+--------+----------+----------+----------+--------|
|          | Length | > 0.9000 | > 1.8000 | > 2.7000 | > 4    | 
|----------+--------+----------+----------+----------+--------|
| Width    | 0.1400 | 0.1400   | 0.1400   | 0.1400   | 0.1400 | 
|----------+--------+----------+----------+----------+--------|
| > 0.2700 | 0.1400 | 0.2700   | 0.2700   | 0.2700   | 0.2700 | 
|----------+--------+----------+----------+----------+--------|
| > 0.5000 | 0.1400 | 0.2700   | 0.5000   | 0.5000   | 0.5000 | 
|----------+--------+----------+----------+----------+--------|
| > 0.9000 | 0.1400 | 0.2700   | 0.5000   | 0.9000   | 0.9000 | 
|----------+--------+----------+----------+----------+--------|
| > 1.5000 | 0.1400 | 0.2700   | 0.5000   | 0.9000   | 1.5000 | 
---------------------------------------------------------------


---------------------------------------------------------------
|           Metal metal6 fat spacing rules (micro):           |
|----------+--------+----------+----------+----------+--------|
|          | Length | > 0.9000 | > 1.8000 | > 2.7000 | > 4    | 
|----------+--------+----------+----------+----------+--------|
| Width    | 0.1400 | 0.1400   | 0.1400   | 0.1400   | 0.1400 | 
|----------+--------+----------+----------+----------+--------|
| > 0.2700 | 0.1400 | 0.2700   | 0.2700   | 0.2700   | 0.2700 | 
|----------+--------+----------+----------+----------+--------|
| > 0.5000 | 0.1400 | 0.2700   | 0.5000   | 0.5000   | 0.5000 | 
|----------+--------+----------+----------+----------+--------|
| > 0.9000 | 0.1400 | 0.2700   | 0.5000   | 0.9000   | 0.9000 | 
|----------+--------+----------+----------+----------+--------|
| > 1.5000 | 0.1400 | 0.2700   | 0.5000   | 0.9000   | 1.5000 | 
---------------------------------------------------------------


----------------------------------------------------
|     Metal metal7 fat spacing rules (micro):      |
|----------+--------+----------+----------+--------|
|          | Length | > 1.8000 | > 2.7000 | > 4    | 
|----------+--------+----------+----------+--------|
| Width    | 0.4000 | 0.4000   | 0.4000   | 0.4000 | 
|----------+--------+----------+----------+--------|
| > 0.5000 | 0.4000 | 0.5000   | 0.5000   | 0.5000 | 
|----------+--------+----------+----------+--------|
| > 0.9000 | 0.4000 | 0.5000   | 0.9000   | 0.9000 | 
|----------+--------+----------+----------+--------|
| > 1.5000 | 0.4000 | 0.5000   | 0.9000   | 1.5000 | 
----------------------------------------------------


----------------------------------------------------
|     Metal metal8 fat spacing rules (micro):      |
|----------+--------+----------+----------+--------|
|          | Length | > 1.8000 | > 2.7000 | > 4    | 
|----------+--------+----------+----------+--------|
| Width    | 0.4000 | 0.4000   | 0.4000   | 0.4000 | 
|----------+--------+----------+----------+--------|
| > 0.5000 | 0.4000 | 0.5000   | 0.5000   | 0.5000 | 
|----------+--------+----------+----------+--------|
| > 0.9000 | 0.4000 | 0.5000   | 0.9000   | 0.9000 | 
|----------+--------+----------+----------+--------|
| > 1.5000 | 0.4000 | 0.5000   | 0.9000   | 1.5000 | 
----------------------------------------------------


-------------------------------------------
| Metal metal9 fat spacing rules (micro): |
|----------+--------+----------+----------|
|          | Length | > 2.7000 | > 4      | 
|----------+--------+----------+----------|
| Width    | 0.8000 | 0.8000   | 0.8000   | 
|----------+--------+----------+----------|
| > 0.9000 | 0.8000 | 0.9000   | 0.9000   | 
|----------+--------+----------+----------|
| > 1.5000 | 0.8000 | 0.9000   | 1.5000   | 
-------------------------------------------


--------------------------------------------
| Metal metal10 fat spacing rules (micro): |
|----------+--------+----------+-----------|
|          | Length | > 2.7000 | > 4       | 
|----------+--------+----------+-----------|
| Width    | 0.8000 | 0.8000   | 0.8000    | 
|----------+--------+----------+-----------|
| > 0.9000 | 0.8000 | 0.9000   | 0.9000    | 
|----------+--------+----------+-----------|
| > 1.5000 | 0.8000 | 0.9000   | 1.5000    | 
--------------------------------------------


------------------------------------------------------------------------------------------------------------------------------------------------
|                                                      Cut below enclosure rules (micro)                                                       |
|-----------+----+-------------+-------------+-------------+-------------+-------------+-------------+-------------+-------------+-------------|
|           |    | metal1-via1 | metal2-via2 | metal3-via3 | metal4-via4 | metal5-via5 | metal6-via6 | metal7-via7 | metal8-via8 | metal9-via9 | 
|-----------+----+-------------+-------------+-------------+-------------+-------------+-------------+-------------+-------------+-------------|
| Type      |    | basic       | basic       | basic       | basic       | basic       | basic       | basic       | basic       | basic       | 
| Width     | >= | -           | -           | -           | -           | -           | -           | -           | -           | -           | 
| Enclosure | >= | 0.0350/0    | 0.0350/0    | 0.0350/0    | 0/0         | 0/0         | 0/0         | 0/0         | 0/0         | 0/0         | 
| Via class |    | all         | all         | all         | all         | all         | all         | all         | all         | all         | 
------------------------------------------------------------------------------------------------------------------------------------------------


-------------------------------------------------------------------------------------------------------------------------------------------------------------------
|                                                                Cut above enclosure rules (micro)                                                                |
|-----------+----+-----------+-------------+-------------+---------------+-------------+-------------+---------------+-------------+---------------+--------------|
|           |    | metal1-CO | metal2-via1 | metal3-via2 | metal4-via3   | metal5-via4 | metal6-via5 | metal7-via6   | metal8-via7 | metal9-via8   | metal10-via9 | 
|-----------+----+-----------+-------------+-------------+---------------+-------------+-------------+---------------+-------------+---------------+--------------|
| Type      |    | basic     | basic       | basic       | basic         | basic       | basic       | basic         | basic       | basic         | basic        | 
| Width     | >= | -         | -           | -           | -             | -           | -           | -             | -           | -             | -            | 
| Enclosure | >= | 0/0       | 0.0350/0    | 0.0350/0    | 0.0350/0.0350 | 0/0         | 0/0         | 0.1300/0.1300 | 0/0         | 0.2000/0.2000 | 0/0          | 
| Via class |    | all       | all         | all         | all           | all         | all         | all           | all         | all           | all          | 
-------------------------------------------------------------------------------------------------------------------------------------------------------------------


Enclosure metric: '' - opposite, 'S' - square, 'C' - combo
--------------------------------------------------
| Default parameters and high-voltage nets count |
|---------------------+--------------------------|
|                     | value                    | 
|---------------------+--------------------------|
| Min default voltage | -                        | 
|---------------------+--------------------------|
| Max default voltage | -                        | 
--------------------------------------------------


-----------------------------------------------------------------------------------------------------------------------
|                                               Antenna rules (OXIDE1):                                               |
|--------------------------+--------+--------+--------+--------+--------+--------+--------+--------+--------+---------|
|                          | metal1 | metal2 | metal3 | metal4 | metal5 | metal6 | metal7 | metal8 | metal9 | metal10 | 
|--------------------------+--------+--------+--------+--------+--------+--------+--------+--------+--------+---------|
| Gate/Diff area factor    | 1/1    | 1/1    | 1/1    | 1/1    | 1/1    | 1/1    | 1/1    | 1/1    | 1/1    | 1/1     | 
|--------------------------+--------+--------+--------+--------+--------+--------+--------+--------+--------+---------|
| Gate partial area        | -      | -      | -      | -      | -      | -      | -      | -      | -      | -       | 
|--------------------------+--------+--------+--------+--------+--------+--------+--------+--------+--------+---------|
| Diff partial area        | -      | -      | -      | -      | -      | -      | -      | -      | -      | -       | 
|--------------------------+--------+--------+--------+--------+--------+--------+--------+--------+--------+---------|
| Gate cumulative area     | -      | -      | -      | -      | -      | -      | -      | -      | -      | -       | 
|--------------------------+--------+--------+--------+--------+--------+--------+--------+--------+--------+---------|
| Diff cumulative area     | -      | -      | -      | -      | -      | -      | -      | -      | -      | -       | 
|--------------------------+--------+--------+--------+--------+--------+--------+--------+--------+--------+---------|
|                          | metal1 | metal2 | metal3 | metal4 | metal5 | metal6 | metal7 | metal8 | metal9 | metal10 | 
|--------------------------+--------+--------+--------+--------+--------+--------+--------+--------+--------+---------|
| Thickness                | 0.1300 | 0.1400 | 0.1400 | 0.2800 | 0.2800 | 0.2800 | 0.8000 | 0.8000 | 2      | 2       | 
|--------------------------+--------+--------+--------+--------+--------+--------+--------+--------+--------+---------|
| Gate/Diff side factor    | 1/1    | 1/1    | 1/1    | 1/1    | 1/1    | 1/1    | 1/1    | 1/1    | 1/1    | 1/1     | 
|--------------------------+--------+--------+--------+--------+--------+--------+--------+--------+--------+---------|
| Gate partial side        | -      | -      | -      | -      | -      | -      | -      | -      | -      | -       | 
|--------------------------+--------+--------+--------+--------+--------+--------+--------+--------+--------+---------|
| Diff partial side        | -      | -      | -      | -      | -      | -      | -      | -      | -      | -       | 
|--------------------------+--------+--------+--------+--------+--------+--------+--------+--------+--------+---------|
| Gate cumulative side     | -      | -      | -      | -      | -      | -      | -      | -      | -      | -       | 
|--------------------------+--------+--------+--------+--------+--------+--------+--------+--------+--------+---------|
| Diff cumulative side     | -      | -      | -      | -      | -      | -      | -      | -      | -      | -       | 
|--------------------------+--------+--------+--------+--------+--------+--------+--------+--------+--------+---------|
|                          | metal1 | metal2 | metal3 | metal4 | metal5 | metal6 | metal7 | metal8 | metal9 | metal10 | 
|--------------------------+--------+--------+--------+--------+--------+--------+--------+--------+--------+---------|
| Cumulative area plus cut | false  | false  | false  | false  | false  | false  | false  | false  | false  | false   | 
|--------------------------+--------+--------+--------+--------+--------+--------+--------+--------+--------+---------|
| Area minus diff factor   | -      | -      | -      | -      | -      | -      | -      | -      | -      | -       | 
|--------------------------+--------+--------+--------+--------+--------+--------+--------+--------+--------+---------|
| Gate plus diff factor    | -      | -      | -      | -      | -      | -      | -      | -      | -      | -       | 
|--------------------------+--------+--------+--------+--------+--------+--------+--------+--------+--------+---------|
| Area diff reduce factor  | -      | -      | -      | -      | -      | -      | -      | -      | -      | -       | 
|--------------------------+--------+--------+--------+--------+--------+--------+--------+--------+--------+---------|
| Effective gate area      | -      | -      | -      | -      | -      | -      | -      | -      | -      | -       | 
|--------------------------+--------+--------+--------+--------+--------+--------+--------+--------+--------+---------|
|                          | metal1 | metal2 | metal3 | metal4 | metal5 | metal6 | metal7 | metal8 | metal9 | metal10 | 
|--------------------------+--------+--------+--------+--------+--------+--------+--------+--------+--------+---------|
| Floating area            | -      | -      | -      | -      | -      | -      | -      | -      | -      | -       | 
|--------------------------+--------+--------+--------+--------+--------+--------+--------+--------+--------+---------|
| Floating spacing         | -      | -      | -      | -      | -      | -      | -      | -      | -      | -       | 
|--------------------------+--------+--------+--------+--------+--------+--------+--------+--------+--------+---------|
|                          | via1   | via2   | via3   | via4   | via5   | via6   | via7   | via8   | via9   |         | 
|--------------------------+--------+--------+--------+--------+--------+--------+--------+--------+--------+---------|
| Gate/Diff cut factor     | 1/1    | 1/1    | 1/1    | 1/1    | 1/1    | 1/1    | 1/1    | 1/1    | 1/1    |         | 
|--------------------------+--------+--------+--------+--------+--------+--------+--------+--------+--------+---------|
| Gate partial cut         | -      | -      | -      | -      | -      | -      | -      | -      | -      |         | 
|--------------------------+--------+--------+--------+--------+--------+--------+--------+--------+--------+---------|
| Diff partial cut         | -      | -      | -      | -      | -      | -      | -      | -      | -      |         | 
|--------------------------+--------+--------+--------+--------+--------+--------+--------+--------+--------+---------|
| Gate cumulative cut      | -      | -      | -      | -      | -      | -      | -      | -      | -      |         | 
|--------------------------+--------+--------+--------+--------+--------+--------+--------+--------+--------+---------|
| Diff cumulative cut      | -      | -      | -      | -      | -      | -      | -      | -      | -      |         | 
|--------------------------+--------+--------+--------+--------+--------+--------+--------+--------+--------+---------|
|                          | via1   | via2   | via3   | via4   | via5   | via6   | via7   | via8   | via9   |         | 
|--------------------------+--------+--------+--------+--------+--------+--------+--------+--------+--------+---------|
| Area minus diff factor   | -      | -      | -      | -      | -      | -      | -      | -      | -      |         | 
|--------------------------+--------+--------+--------+--------+--------+--------+--------+--------+--------+---------|
| Gate plus diff factor    | -      | -      | -      | -      | -      | -      | -      | -      | -      |         | 
|--------------------------+--------+--------+--------+--------+--------+--------+--------+--------+--------+---------|
| Area diff reduce factor  | -      | -      | -      | -      | -      | -      | -      | -      | -      |         | 
|--------------------------+--------+--------+--------+--------+--------+--------+--------+--------+--------+---------|
| Effective gate area      | -      | -      | -      | -      | -      | -      | -      | -      | -      |         | 
-----------------------------------------------------------------------------------------------------------------------


---------------------------------------------
|        Dfm cut weights (defaults)         |
|--------+-------+--------+--------+--------|
|        | 1-cut | 2-cuts | 3-cuts | 4-cuts | 
|--------+-------+--------+--------+--------|
| single | 1     | 10     | 15     | 30     | 
|--------+-------+--------+--------+--------|
| bar    | 5     | 25     | 40     | 60     | 
|--------+-------+--------+--------+--------|
| large  | 20    | 55     | 90     | 125    | 
---------------------------------------------


