warning: No library characterized for (process = 1.00 voltage = 0.85 temperature = 25.00) can be found in the database for power domain '/PD_TOP'  [NL-174]
Report Power (instances with prefix '*' are included in total) : 
-----+-----------------+--------------------+---------------------+-------------------+-----------------
     | Instance        | Internal Power(uw) | Switching Power(uw) | Leakage Power(uw) | Total Power(uw) 
-----+-----------------+--------------------+---------------------+-------------------+-----------------
1    |*counter         |           24.560377|            41.324551|           0.641388|        66.526314
2    |*priority_encoder|           86.619919|            90.150879|           0.715583|       177.486389
3    |*state_holder    |            8.211430|            18.986835|           0.326888|        27.525154
4    |*output_decoder  |            1.587549|             8.474553|           0.188646|        10.250748
5    |*i_0_0_0         |            1.532962|             0.204921|           0.026733|         1.764617
6    |*i_0_0_1         |            0.663045|             0.103638|           0.022695|         0.789378
7    |                 |                    |                     |                   |                 
8    |*TOTAL           |          123.175285|           159.245392|           1.921934|       284.342590
-----+-----------------+--------------------+---------------------+-------------------+-----------------
