Report Physical info: 
------------------------+--------------------+-----------+------------
                        |                    |Area (squm)|Leakage (uW)
------------------------+--------------------+-----------+------------
Design Name             |pipelined_multiplier|           |            
  Total Instances       |                1109|       1867|      38.183
    Macros              |                   0|          0|       0.000
    Pads                |                   0|          0|       0.000
    Phys                |                   0|          0|       0.000
    Blackboxes          |                   0|          0|       0.000
    Cells               |                1109|       1867|      38.183
      Buffers           |                   0|          0|       0.000
      Inverters         |                 181|         96|       2.598
      Clock-Gates       |                   2|          8|       0.118
      Combinational     |                 833|       1341|      28.037
      Latches           |                   0|          0|       0.000
      FlipFlops         |                  93|        422|       7.429
       Single-Bit FF    |                  93|        422|       7.429
       Multi-Bit FF     |                   0|          0|       0.000
       Clock-Gated      |                  61|           |            
       Bits             |                  93|        422|       7.429
         Load-Enabled   |                   0|           |            
         Clock-Gated    |                  61|           |            
  Tristate Pin Count    |                   0|           |            
Physical Info           |Placed              |           |            
  Chip Size (mm x mm)   |0.116 x 0.116       |      13404|            
  Fixed Cell Area       |                    |          0|            
    Phys Only           |                   0|          0|            
  Placeable Area        |                    |       3040|            
  Movable Cell Area     |                    |       1867|            
  Utilization (%)       |                  61|           |            
  Chip Utilization (%)  |                  61|           |            
  Total Wire Length (mm)|               5.320|           |            
  Longest Wire (mm)     |               0.100|           |            
  Average Wire (mm)     |               0.042|           |            
------------------------+--------------------+-----------+------------
