warning: No library characterized for (process = 1.00 voltage = 0.85 temperature = 25.00) can be found in the database for power domain '/PD_TOP'  [NL-174]
Report Power (instances with prefix '*' are included in total) : 
-----+----------+--------------------+---------------------+-------------------+-----------------
     | Instance | Internal Power(uw) | Switching Power(uw) | Leakage Power(uw) | Total Power(uw) 
-----+----------+--------------------+---------------------+-------------------+-----------------
1    |*stage1   |          129.213913|           457.994965|           4.571850|       591.780762
2    |*stage2   |          547.067566|          1449.341675|          27.775694|      2024.185059
3    |*stage3   |          138.719101|           164.014236|           5.835190|       308.568542
4    |          |                    |                     |                   |                 
5    |*TOTAL    |          815.000549|          2071.350830|          38.182735|      2924.533936
-----+----------+--------------------+---------------------+-------------------+-----------------
