info Check pin constraints
Sdb track: Routing Layer  1 (Horizontal) = start    0, step 1400, number 100
Sdb track: Routing Layer  2 (Vertical)   = start    0, step 1900, number 71
Sdb track: Routing Layer  3 (Horizontal) = start    0, step 1400, number 100
Sdb track: Routing Layer  4 (Vertical)   = start    0, step 2800, number 48
Sdb track: Routing Layer  5 (Horizontal) = start    0, step 2800, number 50
Sdb track: Routing Layer  6 (Vertical)   = start    0, step 2800, number 48
Sdb track: Routing Layer  7 (Horizontal) = start    0, step 8000, number 17
Sdb track: Routing Layer  8 (Vertical)   = start    0, step 8000, number 17
Sdb track: Routing Layer  9 (Horizontal) = start    0, step 16000, number 9
Sdb track: Routing Layer 10 (Vertical)   = start    0, step 16000, number 9
info Checking partition 'home_automation_system' ...
info Constraint definition check completed.
    total infos: 0
    total warnings: 0
    total errors: 0

PASSED: exact location off grid
PASSED: exact location off edge
PASSED: exact location mismatch edge
PASSED: exact location in group
PASSED: exact location mismatch range
PASSED: layers
PASSED: pin layer direction mismatch edge
PASSED: invalid design keepout

Sdb track: Routing Layer  1 (Horizontal) = start    0, step 1400, number 100
Sdb track: Routing Layer  2 (Vertical)   = start    0, step 1900, number 71
Sdb track: Routing Layer  3 (Horizontal) = start    0, step 1400, number 100
Sdb track: Routing Layer  4 (Vertical)   = start    0, step 2800, number 48
Sdb track: Routing Layer  5 (Horizontal) = start    0, step 2800, number 50
Sdb track: Routing Layer  6 (Vertical)   = start    0, step 2800, number 48
Sdb track: Routing Layer  7 (Horizontal) = start    0, step 8000, number 17
Sdb track: Routing Layer  8 (Vertical)   = start    0, step 8000, number 17
Sdb track: Routing Layer  9 (Horizontal) = start    0, step 16000, number 9
Sdb track: Routing Layer 10 (Vertical)   = start    0, step 16000, number 9
info Check pin placement
    Total pins: 22
info Check completed.
    Total violations: 28
PASSED: exact location off grid
PASSED: exact location off edge
PASSED: exact location mismatch edge
PASSED: exact location in group
PASSED: exact location mismatch range
PASSED: layers
PASSED: pin layer direction mismatch edge
PASSED: invalid design keepout
PASSED: on PG net
PASSED: not placed
PASSED: not placed PG
PASSED: not placed multi ports
PASSED: not placed no connection
PASSED: not placed no external connection
PASSED: no edge
PASSED: no driver
PASSED: not connected
PASSED: connected only internally
PASSED: multi port
PASSED: wrong edge
PASSED: mismatch layer
PASSED: exact location not obeyed
PASSED: not in range
PASSED: not ordered
PASSED: wrong pitch
PASSED: in pin group keepout
PASSED: abut fixed/macro pin in pin group keepout
PASSED: in edge keepout
PASSED: abut fixed/macro pin in edge keepout
PASSED: not abutted
PASSED: not abutted no connection
PASSED: not abutted no external connection
PASSED: not abutted other unplaced
PASSED: not abutted multi component
PASSED: not abutted re-entry
PASSED: not abutted macro
PASSED: macro pin not abutted
PASSED: connect multi macro pins
PASSED: incorrect abutment
PASSED: incorrect abutment no connection
PASSED: incorrect abutment no external connection
PASSED: alignment broken
PASSED: width too small
PASSED: area too small
PASSED: ndr width not obeyed
PASSED: ndr layer not obeyed
PASSED: abut fixed/macro pin ndr layer not obeyed
PASSED: height too small
PASSED: off mfg
PASSED: off track
PASSED: abut fixed/macro pin off track
PASSED: layer above max layer
PASSED: multi components
PASSED: re_entry
PASSED: pin no internal leaf pin

-----------------------------------------------------------------------------------------------------------
|                                      Pin Placement Checker Report                                       |
|-----------------------------+-------+---------+---------------------------------------------------------|
| Name                        | Count | Status  | Description                                             | 
|-----------------------------+-------+---------+---------------------------------------------------------|
| outside local bounding box  | 14    | Warning | pin is placed outside of local connection boundary box  | 
|-----------------------------+-------+---------+---------------------------------------------------------|
| outside global bounding box | 14    | Warning | pin is placed outside of global connection boundary box | 
-----------------------------------------------------------------------------------------------------------


info UI33: performed pin placement checker for 0 sec (CPU time: 0 sec; MEM: RSS - 181M, CVMEM - 1687M, PVMEM - 1992M)
