LVS verification progress:
Preparing nets ...
Processing nets: 10% 20% 30% 40% 50% 60% 70% 80% 90% 100% 

Report 'report_lvs': Detail Routing LVS Report
Generated on Fri Dec 31 22:21:26 2021
  
--------------------------------------------------------------------------------
|                    LVS detail routing verification report                    |
|------------------------------------------------------------------------------|
|                   | Total nets Open nets Open Float Tail Loop Pillar Warning | 
|------------------------------------------------------------------------------|
| Signal nets       | 71         0         0    0     0    0    -      -       | 
| Logic nets        | 2          0         0    0     0    0    -      -       | 
| Shield nets       | 0          0         0    0     0    0    -      -       | 
| Power/Ground nets | -          -         -    -     -    -    -      -       | 
| DontRoute nets    | 0          0         0    0     0    0    -      -       | 
--------------------------------------------------------------------------------


info UI33: performed LVS verification for 0 sec (CPU time: 0 sec; MEM: RSS - 273M, CVMEM - 1761M, PVMEM - 1992M)
info DRC201: Only violations caused by detail_route shapes are being checked.
DRC verification progress:
Processing metal1: 100% 
Processing metal2: 100% 
Processing metal3: 100% 
Processing metal4: 100% 
Processing metal5: 100% 
Processing metal6: 100% 
Processing metal7: 100% 
Processing metal8: 100% 
Processing metal9: 100% 
Processing metal10: 100% 

Report 'report_drc': Report Drc
Generated on Fri Dec 31 22:21:26 2021
  
--------------------------------------------------------------------------------------------------------
|                                       DRC verification report                                        |
|------------------------------------------------------------------------------------------------------|
|                       | TOTAL metal1 metal2 metal3 metal4 metal5 metal6 metal7 metal8 metal9 metal10 | 
|------------------------------------------------------------------------------------------------------|
| Grid                  | 0     0      0      0      0      0      0      0      0      0      0       | 
| Width                 | 0     0      0      0      0      0      0      0      0      0      0       | 
| Minimum samenet space | 0     0      0      0      0      0      0      0      0      0      0       | 
| Fat samenet space     | 0     -      0      0      0      0      0      0      0      0      0       | 
| Minimum diffnet space | 0     0      0      0      0      0      0      0      0      0      0       | 
| Fat diffnet space     | 0     -      0      0      0      0      0      0      0      0      0       | 
| Diffnet short         | 0     0      0      0      0      0      0      0      0      0      0       | 
| Prohibited routing    | 0     0      0      0      0      0      0      0      0      0      0       | 
|                       | TOTAL CO     via1   via2   via3   via4   via5   via6   via7   via8   via9    | 
| Grid                  | 0     0      0      0      0      0      0      0      0      0      0       | 
| Size                  | 0     -      0      0      0      0      0      0      0      0      0       | 
| Minimum space         | 0     0      0      0      0      0      0      0      0      0      0       | 
--------------------------------------------------------------------------------------------------------


info UI33: performed DRC verification for 0 sec (CPU time: 0 sec; MEM: RSS - 273M, CVMEM - 1761M, PVMEM - 1992M)
info CHK10: Checking placement...
info Found 49 movable and 8 fixed cells in partition home_automation_system
info DP136: Found 0 moveable cells and 0 fixed cells to be illegal.
Checking boundary overlap with partition: home_automation_system; Nmacros=0; overlaps=0 : fpan/mcplace/mcpController.cpp@3946
info Report for partition home_automation_system:
--------------------------------------------------------------------------------------------------------
|                                           Placement Errors                                           |
|------------------------------------------------------------------------------------------------------|
| Name                   Count Status Description                                                      | 
|------------------------------------------------------------------------------------------------------|
| not_placed             0     Passed Cell is not placed                                               | 
| macro_not_fixed        0     Passed Macro cell is not fixed                                          | 
| cannot_be_legalized    0     Passed Cell can't be legalized                                          | 
| outside_region         0     Passed Cell is placed outside of its hard region or inside a prohibited | 
|                                     hard region                                                      | 
| outside_partition      0     Passed Cell is placed outside partition                                 | 
| close_to_boundary      0     Passed Cell is close to partition boundary                              | 
| close_to_macro         0     Passed Cell is close to macro blockages                                 | 
| macro_overlap          0     Passed Macros are overlapping each other                                | 
| macro_boundary_overlap 0     Passed Macros are overlapping boundary                                  | 
--------------------------------------------------------------------------------------------------------


info UI33: performed placement checks for 0 sec (CPU time: 0 sec; MEM: RSS - 272M, CVMEM - 1761M, PVMEM - 1992M)
info running report region utilization in global placement context: 
    - utilization = (mobile_cell_area/(row_area - obstruction_area)).
    - obstruction area include hard and soft blockages, fixed std cells, fixed macros and pads.
    - by default, cell area include all bloats associated with the cells. 


info  report_region_utilization is restricted to regions with property member_hard set to TRUE. 
Report 'Region_Utilization': Region Utilization Report
Generated on Fri Dec 31 22:21:26 2021
  
------------------------------------------------------------------------------------------------------------------------
|                                              Report Region Utilization                                               |
|----------------------------------------------------------------------------------------------------------------------|
|   | Partition/Region       MH NMH Cell Area Placeable Area Useable Area Placer Utilization(%) Silicon Utilization(%) | 
|----------------------------------------------------------------------------------------------------------------------|
| 0 | home_automation_system -  -   47.614    47.348         47.614       100.562               46.9                   | 
------------------------------------------------------------------------------------------------------------------------


info UI33: performed report region utilization for 0 sec (CPU time: 0 sec; MEM: RSS - 272M, CVMEM - 1761M, PVMEM - 1992M)
