Report End Points: 
-----+-------+------+-------+-----+-----+-----+-----+-----------+---------
     |Group  |Launch|Capture|Shift|Delay|Depth|Slack|Begin Point|End Point
-----+-------+------+-------+-----+-----+-----+-----+-----------+---------
1    |default|      |       |     |     |     |     |           |         
-----+-------+------+-------+-----+-----+-----+-----+-----------+---------
Report End Points: 
-----+-----+--------------+-------+-----+-----+-----+-----+-----------+------------------
     |Group|Launch        |Capture|Shift|Delay|Depth|Slack|Begin Point|End Point         
-----+-----+--------------+-------+-----+-----+-----+-----+-----------+------------------
1    |I2R  |rtDefaultClock|sysclk |900.0|158.3|    5|  7.7|SRD        |counter/Q_reg[0]/D
2    |I2R  |rtDefaultClock|sysclk |900.0|137.6|    4| 23.2|SRD        |counter/Q_reg[1]/D
3    |I2R  |rtDefaultClock|sysclk |900.0|137.6|    4| 23.2|SRD        |counter/Q_reg[2]/D
-----+-----+--------------+-------+-----+-----+-----+-----+-----------+------------------
Report End Points: 
-----+-----+------+-------+-----+-----+-----+-----+-----------+---------
     |Group|Launch|Capture|Shift|Delay|Depth|Slack|Begin Point|End Point
-----+-----+------+-------+-----+-----+-----+-----+-----------+---------
1    |I2O  |      |       |     |     |     |     |           |         
-----+-----+------+-------+-----+-----+-----+-----+-----------+---------
Report End Points: 
-----+-----+------+-------+-----+-----+-----+-----+-----------+---------
     |Group|Launch|Capture|Shift|Delay|Depth|Slack|Begin Point|End Point
-----+-----+------+-------+-----+-----+-----+-----+-----------+---------
1    |R2O  |      |       |     |     |     |     |           |         
-----+-----+------+-------+-----+-----+-----+-----+-----------+---------
