Report End Points: 
-----+-------+------+-------+------+-----+-----+------+----------------+-----------------------
     |Group  |Launch|Capture|Shift |Delay|Depth|Slack |Begin Point     |End Point              
-----+-------+------+-------+------+-----+-----+------+----------------+-----------------------
1    |default|sysclk|sysclk |2000.0|105.7|    3|1717.4|counter/i_0/Q[3]|state_holder/Q_reg[0]/D
2    |default|sysclk|sysclk |2000.0| 93.5|    3|1729.6|counter/i_0/Q[3]|state_holder/Q_reg[2]/D
3    |default|sysclk|sysclk |2000.0| 84.9|    4|1730.4|counter/i_0/Q[3]|state_holder/Q_reg[1]/D
-----+-------+------+-------+------+-----+-----+------+----------------+-----------------------
Report End Points: 
-----+-----+--------------+-------+------+-----+-----+------+--------------+-----------------------
     |Group|Launch        |Capture|Shift |Delay|Depth|Slack |Begin Point   |End Point              
-----+-----+--------------+-------+------+-----+-----+------+--------------+-----------------------
1    |I2R  |rtDefaultClock|sysclk |2000.0|313.7|    6| 955.4|temperature[1]|state_holder/Q_reg[0]/D
2    |I2R  |rtDefaultClock|sysclk |2000.0|268.5|    7| 992.8|temperature[1]|state_holder/Q_reg[1]/D
3    |I2R  |rtDefaultClock|sysclk |2000.0|268.8|    6|1000.3|temperature[1]|state_holder/Q_reg[2]/D
-----+-----+--------------+-------+------+-----+-----+------+--------------+-----------------------
Report End Points: 
-----+-----+------+-------+-----+-----+-----+-----+-----------+---------
     |Group|Launch|Capture|Shift|Delay|Depth|Slack|Begin Point|End Point
-----+-----+------+-------+-----+-----+-----+-----+-----------+---------
1    |I2O  |      |       |     |     |     |     |           |         
-----+-----+------+-------+-----+-----+-----+-----+-----------+---------
Report End Points: 
-----+-----+------+-------+------+-----+-----+-----+-----------------------+------------
     |Group|Launch|Capture|Shift |Delay|Depth|Slack|Begin Point            |End Point   
-----+-----+------+-------+------+-----+-----+-----+-----------------------+------------
1    |R2O  |sysclk|vsysclk|1000.0| 81.3|    2|464.2|state_holder/Q_reg[0]/Q|alarm_buzzer
2    |R2O  |sysclk|vsysclk|1000.0| 76.9|    2|468.4|state_holder/Q_reg[1]/Q|rear_door   
3    |R2O  |sysclk|vsysclk|1000.0| 76.2|    2|469.3|state_holder/Q_reg[0]/Q|front_door  
-----+-----+------+-------+------+-----+-----+-----+-----------------------+------------
