warning: No library characterized for (process = 1.00 voltage = 0.85 temperature = 25.00) can be found in the database for power domain '/PD_TOP'  [NL-174]
Report Power (instances with prefix '*' are included in total) : 
-----+-----------------+--------------------+---------------------+-------------------+-----------------
     | Instance        | Internal Power(uw) | Switching Power(uw) | Leakage Power(uw) | Total Power(uw) 
-----+-----------------+--------------------+---------------------+-------------------+-----------------
1    |*counter         |           18.172058|            35.172737|           0.660318|        54.005112
2    |*priority_encoder|           38.307312|           107.816177|           0.982816|       147.106308
3    |*output_decoder  |            3.722908|             8.976654|           0.188646|        12.888208
4    |*i_0_0_0         |            3.304119|             1.040920|           0.021200|         4.366238
5    |*i_0_0_1         |            3.300889|             1.119633|           0.021200|         4.441721
6    |*i_0_0_2         |            9.604101|             1.527755|           0.014353|        11.146209
7    |*i_0_0_3         |            0.468848|             1.460368|           0.018105|         1.947321
8    |                 |                    |                     |                   |                 
9    |*TOTAL           |           76.880234|           157.114243|           1.906636|       235.901108
-----+-----------------+--------------------+---------------------+-------------------+-----------------
